// Jest Snapshot v1, https://goo.gl/fbAQLP

exports[`the component renders correctly upon initialising 1`] = `ReactWrapper {}`;
